***********************************************************************************************
***                                                                                         ***
***                                    LINK INFORMATION                                     ***
***                                                                                         ***
***********************************************************************************************

Linker version:

  SEGGER ARM Linker 4.38.14 compiled Aug 21 2024 18:37:23
  Copyright (c) 2017-2024 SEGGER Microcontroller GmbH    www.segger.com


***********************************************************************************************
***                                                                                         ***
***                                     MODULE SUMMARY                                      ***
***                                                                                         ***
***********************************************************************************************

Memory use by input file:

  Object File                                       RX Code     RO Data     RW Data     ZI Data
  ---------------------------------------------  ----------  ----------  ----------  ----------
  DS1722.o                                              292                                    
  main.o                                                216                                    
  SEGGER_THUMB_Startup.o                                 20                                    
  STM32L432KC_FLASH.o                                    26                                    
  STM32L432KC_GPIO.o                                    422                                    
  STM32L432KC_RCC.o                                     162                                    
  STM32L432KC_SPI.o                                     228                                    
  STM32L432KC_TIM.o                                      96                                    
  STM32L432KC_USART.o                                   328                                    
  stm32l432xx_Vectors.o                                 532                                    
  STM32L4xx_Startup.o                                    64                                    
  system_stm32l4xx.o                                    462          64           4            
  ---------------------------------------------  ----------  ----------  ----------  ----------
  Subtotal (12 objects)                               2 848          64           4            
  ---------------------------------------------  ----------  ----------  ----------  ----------
  libc_v7em_fpv4_sp_d16_hard_t_le_eabi_balanced.a
                                                        516                                    
  SEGGER_crtinit_v7em_fpv4_sp_d16_hard_t_le_eabi_balanced.a
                                                         56                                    
  ---------------------------------------------  ----------  ----------  ----------  ----------
  Subtotal (2 archives)                                 572                                    
  ---------------------------------------------  ----------  ----------  ----------  ----------
  Linker created (shared data, fills, blocks):                       28                   2 048
  =============================================  ==========  ==========  ==========  ==========
  Total:                                              3 420          92           4       2 048
  =============================================  ==========  ==========  ==========  ==========

Memory use by archive member:

  Archive member                                    RX Code     RO Data     RW Data     ZI Data
  ---------------------------------------------  ----------  ----------  ----------  ----------
  floatasmops_arm.o (libc_v7em_fpv4_sp_d16_hard_t_le_eabi_balanced.a)
                                                        516                                    
  SEGGER_crtinit.o (SEGGER_crtinit_v7em_fpv4_sp_d16_hard_t_le_eabi_balanced.a)
                                                         56                                    
  ---------------------------------------------  ----------  ----------  ----------  ----------
  Subtotal (2 members from 2 archives)                  572                                    
  Objects (12 files)                                  2 848          64           4            
  Linker created (shared data, fills, blocks):                       28                   2 048
  =============================================  ==========  ==========  ==========  ==========
  Total:                                              3 420          92           4       2 048
  =============================================  ==========  ==========  ==========  ==========

Memory use by linker:

  Description                                       RX Code     RO Data     RW Data     ZI Data
  ---------------------------------------------  ----------  ----------  ----------  ----------
  Initialization table                                               28                        
  Memory for block 'stack'                                                                2 048
  ---------------------------------------------  ----------  ----------  ----------  ----------
  Subtotal (linker created):                                         28                   2 048
  ---------------------------------------------  ----------  ----------  ----------  ----------
  Objects (12 files)                                  2 848          64           4            
  Archives (2 files)                                    572                                    
  =============================================  ==========  ==========  ==========  ==========
  Total:                                              3 420          92           4       2 048
  =============================================  ==========  ==========  ==========  ==========


***********************************************************************************************
***                                                                                         ***
***                                     SECTION DETAIL                                      ***
***                                                                                         ***
***********************************************************************************************

Sections by address:

  Range              Symbol or [section] Name         Size  Al  Init  Ac  Object File
  -----------------  -------------------------  ----------  --  ----  --  -----------
  08000000-0800018b  _vectors                          396  512
                                                                Code  RX  stm32l432xx_Vectors.o
  0800018c-0800018d  NMI_Handler                         2   2  Code  RX  stm32l432xx_Vectors.o
  0800018e-0800018f  MemManage_Handler                   2   2  Code  RX  stm32l432xx_Vectors.o
  08000190-080001ef  initTIM                            96   8  Code  RX  STM32L432KC_TIM.o
  080001f0-0800024b  SystemInit                         92   4  Code  RX  system_stm32l4xx.o
  0800024c-0800027b  MSIRangeTable                      48   4  Cnst  RO  system_stm32l4xx.o
  0800027c-080002cb  gpioEnable                         80   4  Code  RX  STM32L432KC_GPIO.o
  080002cc-080002d7  gpioPinToPort                      12   4  Code  RX  STM32L432KC_GPIO.o
  080002d8-08000317  gpioPortToBase                     64   4  Code  RX  STM32L432KC_GPIO.o
  08000318-0800032b  gpioPinToBase                      20   4  Code  RX  STM32L432KC_GPIO.o
  0800032c-080003cb  pinMode                           160   4  Code  RX  STM32L432KC_GPIO.o
  080003cc-08000413  digitalWrite                       72   4  Code  RX  STM32L432KC_GPIO.o
  08000414-08000443  configureClock                     48   4  Code  RX  STM32L432KC_RCC.o
  08000444-0800051b  main                              216   4  Code  RX  main.o
  0800051c-0800052f  _start                             20   4  Code  RX  SEGGER_THUMB_Startup.o
  08000530-08000557  HardFault_Handler                  40   4  Code  RX  STM32L4xx_Startup.o
  08000558-0800071b  __aeabi_ddiv                      452   4  Code  RX  floatasmops_arm.o (libc_v7em_fpv4_sp_d16_hard_t_le_eabi_balanced.a)
  0800071c-0800073f  __aeabi_d2uiz                      36   4  Code  RX  floatasmops_arm.o (libc_v7em_fpv4_sp_d16_hard_t_le_eabi_balanced.a)
  08000740-0800075b  __aeabi_ui2d                       28   4  Code  RX  floatasmops_arm.o (libc_v7em_fpv4_sp_d16_hard_t_le_eabi_balanced.a)
  0800075c-080008cd  SystemCoreClockUpdate             370   4  Code  RX  system_stm32l4xx.o
  080008ce-080008cf  BusFault_Handler                    2   2  Code  RX  stm32l432xx_Vectors.o
  080008d0-0800097d  readTemp                          174   4  Code  RX  DS1722.o
  0800097e-0800097f  UsageFault_Handler                  2   2  Code  RX  stm32l432xx_Vectors.o
  08000980-080009f5  writeRes                          118   4  Code  RX  DS1722.o
  080009f6-080009f7  SVC_Handler                         2   2  Code  RX  stm32l432xx_Vectors.o
  080009f8-08000a11  configureFlash                     26   4  Code  RX  STM32L432KC_FLASH.o
  08000a12-08000a13  DebugMon_Handler                    2   2  Code  RX  stm32l432xx_Vectors.o
  08000a14-08000a21  gpioPinOffset                      14   4  Code  RX  STM32L432KC_GPIO.o
  08000a22-08000a23  PendSV_Handler                      2   2  Code  RX  stm32l432xx_Vectors.o
  08000a24-08000a95  configurePLL                      114   4  Code  RX  STM32L432KC_RCC.o
  08000a96-08000a97  SysTick_Handler                     2   2  Code  RX  stm32l432xx_Vectors.o
  08000a98-08000b35  initSPI                           158   4  Code  RX  STM32L432KC_SPI.o
  08000b36-08000b37  WWDG_IRQHandler                     2   2  Code  RX  stm32l432xx_Vectors.o
  08000b38-08000b7d  spiSendReceive                     70   4  Code  RX  STM32L432KC_SPI.o
  08000b7e-08000b7f  PVD_PVM_IRQHandler                  2   2  Code  RX  stm32l432xx_Vectors.o
  08000b80-08000bb5  id2Port                            54   4  Code  RX  STM32L432KC_USART.o
  08000bb6-08000bb7  TAMP_STAMP_IRQHandler               2   2  Code  RX  stm32l432xx_Vectors.o
  08000bb8-08000cc9  initUSART                         274   4  Code  RX  STM32L432KC_USART.o
  08000cca-08000ccb  RTC_WKUP_IRQHandler                 2   2  Code  RX  stm32l432xx_Vectors.o
  08000ccc-08000ccd  FLASH_IRQHandler                    2   2  Code  RX  stm32l432xx_Vectors.o
  08000cce-08000ccf  RCC_IRQHandler                      2   2  Code  RX  stm32l432xx_Vectors.o
  08000cd0-08000cd1  EXTI0_IRQHandler                    2   2  Code  RX  stm32l432xx_Vectors.o
  08000cd2-08000cd3  EXTI1_IRQHandler                    2   2  Code  RX  stm32l432xx_Vectors.o
  08000cd4-08000cd5  EXTI2_IRQHandler                    2   2  Code  RX  stm32l432xx_Vectors.o
  08000cd6-08000cd7  EXTI3_IRQHandler                    2   2  Code  RX  stm32l432xx_Vectors.o
  08000cd8-08000cd9  EXTI4_IRQHandler                    2   2  Code  RX  stm32l432xx_Vectors.o
  08000cda-08000cdb  DMA1_Channel1_IRQHandler            2   2  Code  RX  stm32l432xx_Vectors.o
  08000cdc-08000cdd  DMA1_Channel2_IRQHandler            2   2  Code  RX  stm32l432xx_Vectors.o
  08000cde-08000cdf  DMA1_Channel3_IRQHandler            2   2  Code  RX  stm32l432xx_Vectors.o
  08000ce0-08000ce1  DMA1_Channel4_IRQHandler            2   2  Code  RX  stm32l432xx_Vectors.o
  08000ce2-08000ce3  DMA1_Channel5_IRQHandler            2   2  Code  RX  stm32l432xx_Vectors.o
  08000ce4-08000ce5  DMA1_Channel6_IRQHandler            2   2  Code  RX  stm32l432xx_Vectors.o
  08000ce6-08000ce7  DMA1_Channel7_IRQHandler            2   2  Code  RX  stm32l432xx_Vectors.o
  08000ce8-08000ce9  ADC1_IRQHandler                     2   2  Code  RX  stm32l432xx_Vectors.o
  08000cea-08000ceb  CAN1_TX_IRQHandler                  2   2  Code  RX  stm32l432xx_Vectors.o
  08000cec-08000ced  CAN1_RX0_IRQHandler                 2   2  Code  RX  stm32l432xx_Vectors.o
  08000cee-08000cef  CAN1_RX1_IRQHandler                 2   2  Code  RX  stm32l432xx_Vectors.o
  08000cf0-08000cf1  CAN1_SCE_IRQHandler                 2   2  Code  RX  stm32l432xx_Vectors.o
  08000cf2-08000cf3  EXTI9_5_IRQHandler                  2   2  Code  RX  stm32l432xx_Vectors.o
  08000cf4-08000cf5  TIM1_BRK_TIM15_IRQHandler           2   2  Code  RX  stm32l432xx_Vectors.o
  08000cf6-08000cf7  TIM1_UP_TIM16_IRQHandler            2   2  Code  RX  stm32l432xx_Vectors.o
  08000cf8-08000cf9  TIM1_TRG_COM_IRQHandler             2   2  Code  RX  stm32l432xx_Vectors.o
  08000cfa-08000cfb  TIM1_CC_IRQHandler                  2   2  Code  RX  stm32l432xx_Vectors.o
  08000cfc-08000cfd  TIM2_IRQHandler                     2   2  Code  RX  stm32l432xx_Vectors.o
  08000cfe-08000cff  I2C1_EV_IRQHandler                  2   2  Code  RX  stm32l432xx_Vectors.o
  08000d00-08000d01  I2C1_ER_IRQHandler                  2   2  Code  RX  stm32l432xx_Vectors.o
  08000d02-08000d03  SPI1_IRQHandler                     2   2  Code  RX  stm32l432xx_Vectors.o
  08000d04-08000d05  USART1_IRQHandler                   2   2  Code  RX  stm32l432xx_Vectors.o
  08000d06-08000d07  USART2_IRQHandler                   2   2  Code  RX  stm32l432xx_Vectors.o
  08000d08-08000d09  EXTI15_10_IRQHandler                2   2  Code  RX  stm32l432xx_Vectors.o
  08000d0a-08000d0b  RTC_Alarm_IRQHandler                2   2  Code  RX  stm32l432xx_Vectors.o
  08000d0c-08000d0d  SPI3_IRQHandler                     2   2  Code  RX  stm32l432xx_Vectors.o
  08000d0e-08000d0f  TIM6_DAC_IRQHandler                 2   2  Code  RX  stm32l432xx_Vectors.o
  08000d10-08000d11  TIM7_IRQHandler                     2   2  Code  RX  stm32l432xx_Vectors.o
  08000d12-08000d13  DMA2_Channel1_IRQHandler            2   2  Code  RX  stm32l432xx_Vectors.o
  08000d14-08000d15  DMA2_Channel2_IRQHandler            2   2  Code  RX  stm32l432xx_Vectors.o
  08000d16-08000d17  DMA2_Channel3_IRQHandler            2   2  Code  RX  stm32l432xx_Vectors.o
  08000d18-08000d19  DMA2_Channel4_IRQHandler            2   2  Code  RX  stm32l432xx_Vectors.o
  08000d1a-08000d1b  DMA2_Channel5_IRQHandler            2   2  Code  RX  stm32l432xx_Vectors.o
  08000d1c-08000d1d  COMP_IRQHandler                     2   2  Code  RX  stm32l432xx_Vectors.o
  08000d1e-08000d1f  LPTIM1_IRQHandler                   2   2  Code  RX  stm32l432xx_Vectors.o
  08000d20-08000d21  LPTIM2_IRQHandler                   2   2  Code  RX  stm32l432xx_Vectors.o
  08000d22-08000d23  USB_IRQHandler                      2   2  Code  RX  stm32l432xx_Vectors.o
  08000d24-08000d25  DMA2_Channel6_IRQHandler            2   2  Code  RX  stm32l432xx_Vectors.o
  08000d26-08000d27  DMA2_Channel7_IRQHandler            2   2  Code  RX  stm32l432xx_Vectors.o
  08000d28-08000d29  LPUART1_IRQHandler                  2   2  Code  RX  stm32l432xx_Vectors.o
  08000d2a-08000d2b  QUADSPI_IRQHandler                  2   2  Code  RX  stm32l432xx_Vectors.o
  08000d2c-08000d2d  I2C3_EV_IRQHandler                  2   2  Code  RX  stm32l432xx_Vectors.o
  08000d2e-08000d2f  I2C3_ER_IRQHandler                  2   2  Code  RX  stm32l432xx_Vectors.o
  08000d30-08000d31  SAI1_IRQHandler                     2   2  Code  RX  stm32l432xx_Vectors.o
  08000d32-08000d33  SWPMI1_IRQHandler                   2   2  Code  RX  stm32l432xx_Vectors.o
  08000d34-08000d35  TSC_IRQHandler                      2   2  Code  RX  stm32l432xx_Vectors.o
  08000d36-08000d37  RNG_IRQHandler                      2   2  Code  RX  stm32l432xx_Vectors.o
  08000d38-08000d39  FPU_IRQHandler                      2   2  Code  RX  stm32l432xx_Vectors.o
  08000d3a-08000d3b  CRS_IRQHandler                      2   2  Code  RX  stm32l432xx_Vectors.o
  08000d3c-08000d53  reset_handler                      24   2  Code  RX  STM32L4xx_Startup.o
  08000d54-08000d57  [.init_array]                       4   4  ----  --  STM32L4xx_Startup.o
  08000d58-08000d67  AHBPrescTable                      16   1  Cnst  RO  system_stm32l4xx.o
  08000d68-08000d8b  __SEGGER_init_ctors                36   4  Code  RX  SEGGER_crtinit.o (SEGGER_crtinit_v7em_fpv4_sp_d16_hard_t_le_eabi_balanced.a)
  08000d8c-08000da3  __SEGGER_init_table__              24   4  Cnst  RO  [ Linker created ]
  08000da4-08000da7  __SEGGER_init_data__                4   4  Cnst  RO  [ Linker created ]
  08000da8-08000dbb  __SEGGER_init_copy                 20   2  Code  RX  SEGGER_crtinit.o (SEGGER_crtinit_v7em_fpv4_sp_d16_hard_t_le_eabi_balanced.a)
  08000dbc-0fffffff  ( UNUSED .=.+134214212 )   134 214 212
                                                             -  ----  -   -
  10000000-10000003  SystemCoreClock                     4   4  Init  RW  system_stm32l4xx.o
  10000004-2000b7ff  ( UNUSED .=.+268482556 )   268 482 556
                                                             -  ----  -   -
  2000b800-2000bfff  [.bss.block.stack]              2 048   8  None  ZI  [ Linker created ]


***********************************************************************************************
***                                                                                         ***
***                                       SYMBOL LIST                                       ***
***                                                                                         ***
***********************************************************************************************

Function symbols by name:

  Symbol name                   Address        Size  Align  Type  Bd  Object File
  -------------------------  ----------  ----------  -----  ----  --  -----------
  ADC1_IRQHandler            0x08000CE9                  2  Code  Wk  stm32l432xx_Vectors.o
  BusFault_Handler           0x080008CF                  2  Code  Wk  stm32l432xx_Vectors.o
  CAN1_RX0_IRQHandler        0x08000CED                  2  Code  Wk  stm32l432xx_Vectors.o
  CAN1_RX1_IRQHandler        0x08000CEF                  2  Code  Wk  stm32l432xx_Vectors.o
  CAN1_SCE_IRQHandler        0x08000CF1                  2  Code  Wk  stm32l432xx_Vectors.o
  CAN1_TX_IRQHandler         0x08000CEB                  2  Code  Wk  stm32l432xx_Vectors.o
  COMP_IRQHandler            0x08000D1D                  2  Code  Wk  stm32l432xx_Vectors.o
  CRS_IRQHandler             0x08000D3B                  2  Code  Wk  stm32l432xx_Vectors.o
  DMA1_Channel1_IRQHandler   0x08000CDB                  2  Code  Wk  stm32l432xx_Vectors.o
  DMA1_Channel2_IRQHandler   0x08000CDD                  2  Code  Wk  stm32l432xx_Vectors.o
  DMA1_Channel3_IRQHandler   0x08000CDF                  2  Code  Wk  stm32l432xx_Vectors.o
  DMA1_Channel4_IRQHandler   0x08000CE1                  2  Code  Wk  stm32l432xx_Vectors.o
  DMA1_Channel5_IRQHandler   0x08000CE3                  2  Code  Wk  stm32l432xx_Vectors.o
  DMA1_Channel6_IRQHandler   0x08000CE5                  2  Code  Wk  stm32l432xx_Vectors.o
  DMA1_Channel7_IRQHandler   0x08000CE7                  2  Code  Wk  stm32l432xx_Vectors.o
  DMA2_Channel1_IRQHandler   0x08000D13                  2  Code  Wk  stm32l432xx_Vectors.o
  DMA2_Channel2_IRQHandler   0x08000D15                  2  Code  Wk  stm32l432xx_Vectors.o
  DMA2_Channel3_IRQHandler   0x08000D17                  2  Code  Wk  stm32l432xx_Vectors.o
  DMA2_Channel4_IRQHandler   0x08000D19                  2  Code  Wk  stm32l432xx_Vectors.o
  DMA2_Channel5_IRQHandler   0x08000D1B                  2  Code  Wk  stm32l432xx_Vectors.o
  DMA2_Channel6_IRQHandler   0x08000D25                  2  Code  Wk  stm32l432xx_Vectors.o
  DMA2_Channel7_IRQHandler   0x08000D27                  2  Code  Wk  stm32l432xx_Vectors.o
  DebugMon_Handler           0x08000A13                  2  Code  Wk  stm32l432xx_Vectors.o
  EXTI0_IRQHandler           0x08000CD1                  2  Code  Wk  stm32l432xx_Vectors.o
  EXTI15_10_IRQHandler       0x08000D09                  2  Code  Wk  stm32l432xx_Vectors.o
  EXTI1_IRQHandler           0x08000CD3                  2  Code  Wk  stm32l432xx_Vectors.o
  EXTI2_IRQHandler           0x08000CD5                  2  Code  Wk  stm32l432xx_Vectors.o
  EXTI3_IRQHandler           0x08000CD7                  2  Code  Wk  stm32l432xx_Vectors.o
  EXTI4_IRQHandler           0x08000CD9                  2  Code  Wk  stm32l432xx_Vectors.o
  EXTI9_5_IRQHandler         0x08000CF3                  2  Code  Wk  stm32l432xx_Vectors.o
  FLASH_IRQHandler           0x08000CCD                  2  Code  Wk  stm32l432xx_Vectors.o
  FPU_IRQHandler             0x08000D39                  2  Code  Wk  stm32l432xx_Vectors.o
  HardFault_Handler          0x08000531                  4  Code  Wk  STM32L4xx_Startup.o
  I2C1_ER_IRQHandler         0x08000D01                  2  Code  Wk  stm32l432xx_Vectors.o
  I2C1_EV_IRQHandler         0x08000CFF                  2  Code  Wk  stm32l432xx_Vectors.o
  I2C3_ER_IRQHandler         0x08000D2F                  2  Code  Wk  stm32l432xx_Vectors.o
  I2C3_EV_IRQHandler         0x08000D2D                  2  Code  Wk  stm32l432xx_Vectors.o
  LPTIM1_IRQHandler          0x08000D1F                  2  Code  Wk  stm32l432xx_Vectors.o
  LPTIM2_IRQHandler          0x08000D21                  2  Code  Wk  stm32l432xx_Vectors.o
  LPUART1_IRQHandler         0x08000D29                  2  Code  Wk  stm32l432xx_Vectors.o
  MemManage_Handler          0x0800018F                  2  Code  Wk  stm32l432xx_Vectors.o
  NMI_Handler                0x0800018D                  2  Code  Wk  stm32l432xx_Vectors.o
  PVD_PVM_IRQHandler         0x08000B7F                  2  Code  Wk  stm32l432xx_Vectors.o
  PendSV_Handler             0x08000A23                  2  Code  Wk  stm32l432xx_Vectors.o
  QUADSPI_IRQHandler         0x08000D2B                  2  Code  Wk  stm32l432xx_Vectors.o
  RCC_IRQHandler             0x08000CCF                  2  Code  Wk  stm32l432xx_Vectors.o
  RNG_IRQHandler             0x08000D37                  2  Code  Wk  stm32l432xx_Vectors.o
  RTC_Alarm_IRQHandler       0x08000D0B                  2  Code  Wk  stm32l432xx_Vectors.o
  RTC_WKUP_IRQHandler        0x08000CCB                  2  Code  Wk  stm32l432xx_Vectors.o
  Reset_Handler              0x08000D3D                  2  Code  Gb  STM32L4xx_Startup.o
  SAI1_IRQHandler            0x08000D31                  2  Code  Wk  stm32l432xx_Vectors.o
  SPI1_IRQHandler            0x08000D03                  2  Code  Wk  stm32l432xx_Vectors.o
  SPI3_IRQHandler            0x08000D0D                  2  Code  Wk  stm32l432xx_Vectors.o
  SVC_Handler                0x080009F7                  2  Code  Wk  stm32l432xx_Vectors.o
  SWPMI1_IRQHandler          0x08000D33                  2  Code  Wk  stm32l432xx_Vectors.o
  SysTick_Handler            0x08000A97                  2  Code  Wk  stm32l432xx_Vectors.o
  SystemCoreClockUpdate      0x0800075D         370      4  Code  Gb  system_stm32l4xx.o
  SystemInit                 0x080001F1          92      4  Code  Gb  system_stm32l4xx.o
  TAMP_STAMP_IRQHandler      0x08000BB7                  2  Code  Wk  stm32l432xx_Vectors.o
  TIM1_BRK_TIM15_IRQHandler  0x08000CF5                  2  Code  Wk  stm32l432xx_Vectors.o
  TIM1_CC_IRQHandler         0x08000CFB                  2  Code  Wk  stm32l432xx_Vectors.o
  TIM1_TRG_COM_IRQHandler    0x08000CF9                  2  Code  Wk  stm32l432xx_Vectors.o
  TIM1_UP_TIM16_IRQHandler   0x08000CF7                  2  Code  Wk  stm32l432xx_Vectors.o
  TIM2_IRQHandler            0x08000CFD                  2  Code  Wk  stm32l432xx_Vectors.o
  TIM6_DAC_IRQHandler        0x08000D0F                  2  Code  Wk  stm32l432xx_Vectors.o
  TIM7_IRQHandler            0x08000D11                  2  Code  Wk  stm32l432xx_Vectors.o
  TSC_IRQHandler             0x08000D35                  2  Code  Wk  stm32l432xx_Vectors.o
  USART1_IRQHandler          0x08000D05                  2  Code  Wk  stm32l432xx_Vectors.o
  USART2_IRQHandler          0x08000D07                  2  Code  Wk  stm32l432xx_Vectors.o
  USB_IRQHandler             0x08000D23                  2  Code  Wk  stm32l432xx_Vectors.o
  UsageFault_Handler         0x0800097F                  2  Code  Wk  stm32l432xx_Vectors.o
  WWDG_IRQHandler            0x08000B37                  2  Code  Wk  stm32l432xx_Vectors.o
  __SEGGER_init_copy         0x08000DA9          20      2  Code  Wk  SEGGER_crtinit.o (SEGGER_crtinit_v7em_fpv4_sp_d16_hard_t_le_eabi_balanced.a)
  __SEGGER_init_ctors        0x08000D69          26      4  Code  Wk  SEGGER_crtinit.o (SEGGER_crtinit_v7em_fpv4_sp_d16_hard_t_le_eabi_balanced.a)
  __SEGGER_init_done         0x08000527                  4  Code  Gb  SEGGER_THUMB_Startup.o
  __aeabi_d2uiz              0x0800071D          36      4  Code  Wk  floatasmops_arm.o (libc_v7em_fpv4_sp_d16_hard_t_le_eabi_balanced.a)
  __aeabi_ddiv               0x08000559         450      4  Code  Wk  floatasmops_arm.o (libc_v7em_fpv4_sp_d16_hard_t_le_eabi_balanced.a)
  __aeabi_ui2d               0x08000741          28      4  Code  Wk  floatasmops_arm.o (libc_v7em_fpv4_sp_d16_hard_t_le_eabi_balanced.a)
  __startup_complete         0x08000527                  4  Code  Gb  SEGGER_THUMB_Startup.o
  _start                     0x0800051D          14      4  Code  Gb  SEGGER_THUMB_Startup.o
  configureClock             0x08000415          48      4  Code  Gb  STM32L432KC_RCC.o
  configureFlash             0x080009F9          26      4  Code  Gb  STM32L432KC_FLASH.o
  configurePLL               0x08000A25         114      4  Code  Gb  STM32L432KC_RCC.o
  digitalWrite               0x080003CD          72      4  Code  Gb  STM32L432KC_GPIO.o
  exit                       0x0800052B           2      4  Code  Gb  SEGGER_THUMB_Startup.o
  gpioEnable                 0x0800027D          80      4  Code  Gb  STM32L432KC_GPIO.o
  gpioPinOffset              0x08000A15          14      4  Code  Gb  STM32L432KC_GPIO.o
  gpioPinToBase              0x08000319          20      4  Code  Gb  STM32L432KC_GPIO.o
  gpioPinToPort              0x080002CD          12      4  Code  Gb  STM32L432KC_GPIO.o
  gpioPortToBase             0x080002D9          64      4  Code  Gb  STM32L432KC_GPIO.o
  id2Port                    0x08000B81          54      4  Code  Gb  STM32L432KC_USART.o
  initSPI                    0x08000A99         158      4  Code  Gb  STM32L432KC_SPI.o
  initTIM                    0x08000191          96      8  Code  Gb  STM32L432KC_TIM.o
  initUSART                  0x08000BB9         274      4  Code  Gb  STM32L432KC_USART.o
  main                       0x08000445         216      4  Code  Gb  main.o
  pinMode                    0x0800032D         160      4  Code  Gb  STM32L432KC_GPIO.o
  readTemp                   0x080008D1         174      4  Code  Gb  DS1722.o
  reset_handler              0x08000D3D                  2  Code  Gb  STM32L4xx_Startup.o
  spiSendReceive             0x08000B39          70      4  Code  Gb  STM32L432KC_SPI.o
  writeRes                   0x08000981         118      4  Code  Gb  DS1722.o

Function symbols by address:

     Address  Symbol name                      Size  Align  Type  Bd  Object File
  ----------  -------------------------  ----------  -----  ----  --  -----------
  0x0800018D  NMI_Handler                                2  Code  Wk  stm32l432xx_Vectors.o
  0x0800018F  MemManage_Handler                          2  Code  Wk  stm32l432xx_Vectors.o
  0x08000191  initTIM                            96      8  Code  Gb  STM32L432KC_TIM.o
  0x080001F1  SystemInit                         92      4  Code  Gb  system_stm32l4xx.o
  0x0800027D  gpioEnable                         80      4  Code  Gb  STM32L432KC_GPIO.o
  0x080002CD  gpioPinToPort                      12      4  Code  Gb  STM32L432KC_GPIO.o
  0x080002D9  gpioPortToBase                     64      4  Code  Gb  STM32L432KC_GPIO.o
  0x08000319  gpioPinToBase                      20      4  Code  Gb  STM32L432KC_GPIO.o
  0x0800032D  pinMode                           160      4  Code  Gb  STM32L432KC_GPIO.o
  0x080003CD  digitalWrite                       72      4  Code  Gb  STM32L432KC_GPIO.o
  0x08000415  configureClock                     48      4  Code  Gb  STM32L432KC_RCC.o
  0x08000445  main                              216      4  Code  Gb  main.o
  0x0800051D  _start                             14      4  Code  Gb  SEGGER_THUMB_Startup.o
  0x08000527  __startup_complete                         4  Code  Gb  SEGGER_THUMB_Startup.o
  0x08000527  __SEGGER_init_done                         4  Code  Gb  SEGGER_THUMB_Startup.o
  0x0800052B  exit                                2      4  Code  Gb  SEGGER_THUMB_Startup.o
  0x08000531  HardFault_Handler                          4  Code  Wk  STM32L4xx_Startup.o
  0x08000559  __aeabi_ddiv                      450      4  Code  Wk  floatasmops_arm.o (libc_v7em_fpv4_sp_d16_hard_t_le_eabi_balanced.a)
  0x0800071D  __aeabi_d2uiz                      36      4  Code  Wk  floatasmops_arm.o (libc_v7em_fpv4_sp_d16_hard_t_le_eabi_balanced.a)
  0x08000741  __aeabi_ui2d                       28      4  Code  Wk  floatasmops_arm.o (libc_v7em_fpv4_sp_d16_hard_t_le_eabi_balanced.a)
  0x0800075D  SystemCoreClockUpdate             370      4  Code  Gb  system_stm32l4xx.o
  0x080008CF  BusFault_Handler                           2  Code  Wk  stm32l432xx_Vectors.o
  0x080008D1  readTemp                          174      4  Code  Gb  DS1722.o
  0x0800097F  UsageFault_Handler                         2  Code  Wk  stm32l432xx_Vectors.o
  0x08000981  writeRes                          118      4  Code  Gb  DS1722.o
  0x080009F7  SVC_Handler                                2  Code  Wk  stm32l432xx_Vectors.o
  0x080009F9  configureFlash                     26      4  Code  Gb  STM32L432KC_FLASH.o
  0x08000A13  DebugMon_Handler                           2  Code  Wk  stm32l432xx_Vectors.o
  0x08000A15  gpioPinOffset                      14      4  Code  Gb  STM32L432KC_GPIO.o
  0x08000A23  PendSV_Handler                             2  Code  Wk  stm32l432xx_Vectors.o
  0x08000A25  configurePLL                      114      4  Code  Gb  STM32L432KC_RCC.o
  0x08000A97  SysTick_Handler                            2  Code  Wk  stm32l432xx_Vectors.o
  0x08000A99  initSPI                           158      4  Code  Gb  STM32L432KC_SPI.o
  0x08000B37  WWDG_IRQHandler                            2  Code  Wk  stm32l432xx_Vectors.o
  0x08000B39  spiSendReceive                     70      4  Code  Gb  STM32L432KC_SPI.o
  0x08000B7F  PVD_PVM_IRQHandler                         2  Code  Wk  stm32l432xx_Vectors.o
  0x08000B81  id2Port                            54      4  Code  Gb  STM32L432KC_USART.o
  0x08000BB7  TAMP_STAMP_IRQHandler                      2  Code  Wk  stm32l432xx_Vectors.o
  0x08000BB9  initUSART                         274      4  Code  Gb  STM32L432KC_USART.o
  0x08000CCB  RTC_WKUP_IRQHandler                        2  Code  Wk  stm32l432xx_Vectors.o
  0x08000CCD  FLASH_IRQHandler                           2  Code  Wk  stm32l432xx_Vectors.o
  0x08000CCF  RCC_IRQHandler                             2  Code  Wk  stm32l432xx_Vectors.o
  0x08000CD1  EXTI0_IRQHandler                           2  Code  Wk  stm32l432xx_Vectors.o
  0x08000CD3  EXTI1_IRQHandler                           2  Code  Wk  stm32l432xx_Vectors.o
  0x08000CD5  EXTI2_IRQHandler                           2  Code  Wk  stm32l432xx_Vectors.o
  0x08000CD7  EXTI3_IRQHandler                           2  Code  Wk  stm32l432xx_Vectors.o
  0x08000CD9  EXTI4_IRQHandler                           2  Code  Wk  stm32l432xx_Vectors.o
  0x08000CDB  DMA1_Channel1_IRQHandler                   2  Code  Wk  stm32l432xx_Vectors.o
  0x08000CDD  DMA1_Channel2_IRQHandler                   2  Code  Wk  stm32l432xx_Vectors.o
  0x08000CDF  DMA1_Channel3_IRQHandler                   2  Code  Wk  stm32l432xx_Vectors.o
  0x08000CE1  DMA1_Channel4_IRQHandler                   2  Code  Wk  stm32l432xx_Vectors.o
  0x08000CE3  DMA1_Channel5_IRQHandler                   2  Code  Wk  stm32l432xx_Vectors.o
  0x08000CE5  DMA1_Channel6_IRQHandler                   2  Code  Wk  stm32l432xx_Vectors.o
  0x08000CE7  DMA1_Channel7_IRQHandler                   2  Code  Wk  stm32l432xx_Vectors.o
  0x08000CE9  ADC1_IRQHandler                            2  Code  Wk  stm32l432xx_Vectors.o
  0x08000CEB  CAN1_TX_IRQHandler                         2  Code  Wk  stm32l432xx_Vectors.o
  0x08000CED  CAN1_RX0_IRQHandler                        2  Code  Wk  stm32l432xx_Vectors.o
  0x08000CEF  CAN1_RX1_IRQHandler                        2  Code  Wk  stm32l432xx_Vectors.o
  0x08000CF1  CAN1_SCE_IRQHandler                        2  Code  Wk  stm32l432xx_Vectors.o
  0x08000CF3  EXTI9_5_IRQHandler                         2  Code  Wk  stm32l432xx_Vectors.o
  0x08000CF5  TIM1_BRK_TIM15_IRQHandler                  2  Code  Wk  stm32l432xx_Vectors.o
  0x08000CF7  TIM1_UP_TIM16_IRQHandler                   2  Code  Wk  stm32l432xx_Vectors.o
  0x08000CF9  TIM1_TRG_COM_IRQHandler                    2  Code  Wk  stm32l432xx_Vectors.o
  0x08000CFB  TIM1_CC_IRQHandler                         2  Code  Wk  stm32l432xx_Vectors.o
  0x08000CFD  TIM2_IRQHandler                            2  Code  Wk  stm32l432xx_Vectors.o
  0x08000CFF  I2C1_EV_IRQHandler                         2  Code  Wk  stm32l432xx_Vectors.o
  0x08000D01  I2C1_ER_IRQHandler                         2  Code  Wk  stm32l432xx_Vectors.o
  0x08000D03  SPI1_IRQHandler                            2  Code  Wk  stm32l432xx_Vectors.o
  0x08000D05  USART1_IRQHandler                          2  Code  Wk  stm32l432xx_Vectors.o
  0x08000D07  USART2_IRQHandler                          2  Code  Wk  stm32l432xx_Vectors.o
  0x08000D09  EXTI15_10_IRQHandler                       2  Code  Wk  stm32l432xx_Vectors.o
  0x08000D0B  RTC_Alarm_IRQHandler                       2  Code  Wk  stm32l432xx_Vectors.o
  0x08000D0D  SPI3_IRQHandler                            2  Code  Wk  stm32l432xx_Vectors.o
  0x08000D0F  TIM6_DAC_IRQHandler                        2  Code  Wk  stm32l432xx_Vectors.o
  0x08000D11  TIM7_IRQHandler                            2  Code  Wk  stm32l432xx_Vectors.o
  0x08000D13  DMA2_Channel1_IRQHandler                   2  Code  Wk  stm32l432xx_Vectors.o
  0x08000D15  DMA2_Channel2_IRQHandler                   2  Code  Wk  stm32l432xx_Vectors.o
  0x08000D17  DMA2_Channel3_IRQHandler                   2  Code  Wk  stm32l432xx_Vectors.o
  0x08000D19  DMA2_Channel4_IRQHandler                   2  Code  Wk  stm32l432xx_Vectors.o
  0x08000D1B  DMA2_Channel5_IRQHandler                   2  Code  Wk  stm32l432xx_Vectors.o
  0x08000D1D  COMP_IRQHandler                            2  Code  Wk  stm32l432xx_Vectors.o
  0x08000D1F  LPTIM1_IRQHandler                          2  Code  Wk  stm32l432xx_Vectors.o
  0x08000D21  LPTIM2_IRQHandler                          2  Code  Wk  stm32l432xx_Vectors.o
  0x08000D23  USB_IRQHandler                             2  Code  Wk  stm32l432xx_Vectors.o
  0x08000D25  DMA2_Channel6_IRQHandler                   2  Code  Wk  stm32l432xx_Vectors.o
  0x08000D27  DMA2_Channel7_IRQHandler                   2  Code  Wk  stm32l432xx_Vectors.o
  0x08000D29  LPUART1_IRQHandler                         2  Code  Wk  stm32l432xx_Vectors.o
  0x08000D2B  QUADSPI_IRQHandler                         2  Code  Wk  stm32l432xx_Vectors.o
  0x08000D2D  I2C3_EV_IRQHandler                         2  Code  Wk  stm32l432xx_Vectors.o
  0x08000D2F  I2C3_ER_IRQHandler                         2  Code  Wk  stm32l432xx_Vectors.o
  0x08000D31  SAI1_IRQHandler                            2  Code  Wk  stm32l432xx_Vectors.o
  0x08000D33  SWPMI1_IRQHandler                          2  Code  Wk  stm32l432xx_Vectors.o
  0x08000D35  TSC_IRQHandler                             2  Code  Wk  stm32l432xx_Vectors.o
  0x08000D37  RNG_IRQHandler                             2  Code  Wk  stm32l432xx_Vectors.o
  0x08000D39  FPU_IRQHandler                             2  Code  Wk  stm32l432xx_Vectors.o
  0x08000D3B  CRS_IRQHandler                             2  Code  Wk  stm32l432xx_Vectors.o
  0x08000D3D  reset_handler                              2  Code  Gb  STM32L4xx_Startup.o
  0x08000D3D  Reset_Handler                              2  Code  Gb  STM32L4xx_Startup.o
  0x08000D69  __SEGGER_init_ctors                26      4  Code  Wk  SEGGER_crtinit.o (SEGGER_crtinit_v7em_fpv4_sp_d16_hard_t_le_eabi_balanced.a)
  0x08000DA9  __SEGGER_init_copy                 20      2  Code  Wk  SEGGER_crtinit.o (SEGGER_crtinit_v7em_fpv4_sp_d16_hard_t_le_eabi_balanced.a)

Function symbols by descending size:

  Symbol name                      Size  Align  Type  Bd  Object File
  -------------------------  ----------  -----  ----  --  -----------
  __aeabi_ddiv                      450      4  Code  Wk  floatasmops_arm.o (libc_v7em_fpv4_sp_d16_hard_t_le_eabi_balanced.a)
  SystemCoreClockUpdate             370      4  Code  Gb  system_stm32l4xx.o
  initUSART                         274      4  Code  Gb  STM32L432KC_USART.o
  main                              216      4  Code  Gb  main.o
  readTemp                          174      4  Code  Gb  DS1722.o
  pinMode                           160      4  Code  Gb  STM32L432KC_GPIO.o
  initSPI                           158      4  Code  Gb  STM32L432KC_SPI.o
  writeRes                          118      4  Code  Gb  DS1722.o
  configurePLL                      114      4  Code  Gb  STM32L432KC_RCC.o
  initTIM                            96      8  Code  Gb  STM32L432KC_TIM.o
  SystemInit                         92      4  Code  Gb  system_stm32l4xx.o
  gpioEnable                         80      4  Code  Gb  STM32L432KC_GPIO.o
  digitalWrite                       72      4  Code  Gb  STM32L432KC_GPIO.o
  spiSendReceive                     70      4  Code  Gb  STM32L432KC_SPI.o
  gpioPortToBase                     64      4  Code  Gb  STM32L432KC_GPIO.o
  id2Port                            54      4  Code  Gb  STM32L432KC_USART.o
  configureClock                     48      4  Code  Gb  STM32L432KC_RCC.o
  __aeabi_d2uiz                      36      4  Code  Wk  floatasmops_arm.o (libc_v7em_fpv4_sp_d16_hard_t_le_eabi_balanced.a)
  __aeabi_ui2d                       28      4  Code  Wk  floatasmops_arm.o (libc_v7em_fpv4_sp_d16_hard_t_le_eabi_balanced.a)
  __SEGGER_init_ctors                26      4  Code  Wk  SEGGER_crtinit.o (SEGGER_crtinit_v7em_fpv4_sp_d16_hard_t_le_eabi_balanced.a)
  configureFlash                     26      4  Code  Gb  STM32L432KC_FLASH.o
  __SEGGER_init_copy                 20      2  Code  Wk  SEGGER_crtinit.o (SEGGER_crtinit_v7em_fpv4_sp_d16_hard_t_le_eabi_balanced.a)
  gpioPinToBase                      20      4  Code  Gb  STM32L432KC_GPIO.o
  _start                             14      4  Code  Gb  SEGGER_THUMB_Startup.o
  gpioPinOffset                      14      4  Code  Gb  STM32L432KC_GPIO.o
  gpioPinToPort                      12      4  Code  Gb  STM32L432KC_GPIO.o
  exit                                2      4  Code  Gb  SEGGER_THUMB_Startup.o
  ADC1_IRQHandler                            2  Code  Wk  stm32l432xx_Vectors.o
  BusFault_Handler                           2  Code  Wk  stm32l432xx_Vectors.o
  CAN1_RX0_IRQHandler                        2  Code  Wk  stm32l432xx_Vectors.o
  CAN1_RX1_IRQHandler                        2  Code  Wk  stm32l432xx_Vectors.o
  CAN1_SCE_IRQHandler                        2  Code  Wk  stm32l432xx_Vectors.o
  CAN1_TX_IRQHandler                         2  Code  Wk  stm32l432xx_Vectors.o
  COMP_IRQHandler                            2  Code  Wk  stm32l432xx_Vectors.o
  CRS_IRQHandler                             2  Code  Wk  stm32l432xx_Vectors.o
  DMA1_Channel1_IRQHandler                   2  Code  Wk  stm32l432xx_Vectors.o
  DMA1_Channel2_IRQHandler                   2  Code  Wk  stm32l432xx_Vectors.o
  DMA1_Channel3_IRQHandler                   2  Code  Wk  stm32l432xx_Vectors.o
  DMA1_Channel4_IRQHandler                   2  Code  Wk  stm32l432xx_Vectors.o
  DMA1_Channel5_IRQHandler                   2  Code  Wk  stm32l432xx_Vectors.o
  DMA1_Channel6_IRQHandler                   2  Code  Wk  stm32l432xx_Vectors.o
  DMA1_Channel7_IRQHandler                   2  Code  Wk  stm32l432xx_Vectors.o
  DMA2_Channel1_IRQHandler                   2  Code  Wk  stm32l432xx_Vectors.o
  DMA2_Channel2_IRQHandler                   2  Code  Wk  stm32l432xx_Vectors.o
  DMA2_Channel3_IRQHandler                   2  Code  Wk  stm32l432xx_Vectors.o
  DMA2_Channel4_IRQHandler                   2  Code  Wk  stm32l432xx_Vectors.o
  DMA2_Channel5_IRQHandler                   2  Code  Wk  stm32l432xx_Vectors.o
  DMA2_Channel6_IRQHandler                   2  Code  Wk  stm32l432xx_Vectors.o
  DMA2_Channel7_IRQHandler                   2  Code  Wk  stm32l432xx_Vectors.o
  DebugMon_Handler                           2  Code  Wk  stm32l432xx_Vectors.o
  EXTI0_IRQHandler                           2  Code  Wk  stm32l432xx_Vectors.o
  EXTI15_10_IRQHandler                       2  Code  Wk  stm32l432xx_Vectors.o
  EXTI1_IRQHandler                           2  Code  Wk  stm32l432xx_Vectors.o
  EXTI2_IRQHandler                           2  Code  Wk  stm32l432xx_Vectors.o
  EXTI3_IRQHandler                           2  Code  Wk  stm32l432xx_Vectors.o
  EXTI4_IRQHandler                           2  Code  Wk  stm32l432xx_Vectors.o
  EXTI9_5_IRQHandler                         2  Code  Wk  stm32l432xx_Vectors.o
  FLASH_IRQHandler                           2  Code  Wk  stm32l432xx_Vectors.o
  FPU_IRQHandler                             2  Code  Wk  stm32l432xx_Vectors.o
  HardFault_Handler                          4  Code  Wk  STM32L4xx_Startup.o
  I2C1_ER_IRQHandler                         2  Code  Wk  stm32l432xx_Vectors.o
  I2C1_EV_IRQHandler                         2  Code  Wk  stm32l432xx_Vectors.o
  I2C3_ER_IRQHandler                         2  Code  Wk  stm32l432xx_Vectors.o
  I2C3_EV_IRQHandler                         2  Code  Wk  stm32l432xx_Vectors.o
  LPTIM1_IRQHandler                          2  Code  Wk  stm32l432xx_Vectors.o
  LPTIM2_IRQHandler                          2  Code  Wk  stm32l432xx_Vectors.o
  LPUART1_IRQHandler                         2  Code  Wk  stm32l432xx_Vectors.o
  MemManage_Handler                          2  Code  Wk  stm32l432xx_Vectors.o
  NMI_Handler                                2  Code  Wk  stm32l432xx_Vectors.o
  PVD_PVM_IRQHandler                         2  Code  Wk  stm32l432xx_Vectors.o
  PendSV_Handler                             2  Code  Wk  stm32l432xx_Vectors.o
  QUADSPI_IRQHandler                         2  Code  Wk  stm32l432xx_Vectors.o
  RCC_IRQHandler                             2  Code  Wk  stm32l432xx_Vectors.o
  RNG_IRQHandler                             2  Code  Wk  stm32l432xx_Vectors.o
  RTC_Alarm_IRQHandler                       2  Code  Wk  stm32l432xx_Vectors.o
  RTC_WKUP_IRQHandler                        2  Code  Wk  stm32l432xx_Vectors.o
  Reset_Handler                              2  Code  Gb  STM32L4xx_Startup.o
  SAI1_IRQHandler                            2  Code  Wk  stm32l432xx_Vectors.o
  SPI1_IRQHandler                            2  Code  Wk  stm32l432xx_Vectors.o
  SPI3_IRQHandler                            2  Code  Wk  stm32l432xx_Vectors.o
  SVC_Handler                                2  Code  Wk  stm32l432xx_Vectors.o
  SWPMI1_IRQHandler                          2  Code  Wk  stm32l432xx_Vectors.o
  SysTick_Handler                            2  Code  Wk  stm32l432xx_Vectors.o
  TAMP_STAMP_IRQHandler                      2  Code  Wk  stm32l432xx_Vectors.o
  TIM1_BRK_TIM15_IRQHandler                  2  Code  Wk  stm32l432xx_Vectors.o
  TIM1_CC_IRQHandler                         2  Code  Wk  stm32l432xx_Vectors.o
  TIM1_TRG_COM_IRQHandler                    2  Code  Wk  stm32l432xx_Vectors.o
  TIM1_UP_TIM16_IRQHandler                   2  Code  Wk  stm32l432xx_Vectors.o
  TIM2_IRQHandler                            2  Code  Wk  stm32l432xx_Vectors.o
  TIM6_DAC_IRQHandler                        2  Code  Wk  stm32l432xx_Vectors.o
  TIM7_IRQHandler                            2  Code  Wk  stm32l432xx_Vectors.o
  TSC_IRQHandler                             2  Code  Wk  stm32l432xx_Vectors.o
  USART1_IRQHandler                          2  Code  Wk  stm32l432xx_Vectors.o
  USART2_IRQHandler                          2  Code  Wk  stm32l432xx_Vectors.o
  USB_IRQHandler                             2  Code  Wk  stm32l432xx_Vectors.o
  UsageFault_Handler                         2  Code  Wk  stm32l432xx_Vectors.o
  WWDG_IRQHandler                            2  Code  Wk  stm32l432xx_Vectors.o
  __SEGGER_init_done                         4  Code  Gb  SEGGER_THUMB_Startup.o
  __startup_complete                         4  Code  Gb  SEGGER_THUMB_Startup.o
  reset_handler                              2  Code  Gb  STM32L4xx_Startup.o

Read-write data symbols by name:

  Symbol name                   Address        Size  Align  Type  Bd  Object File
  -------------------------  ----------  ----------  -----  ----  --  -----------
  SystemCoreClock            0x10000000           4      4  Init  Gb  system_stm32l4xx.o

Read-write data symbols by address:

     Address  Symbol name                      Size  Align  Type  Bd  Object File
  ----------  -------------------------  ----------  -----  ----  --  -----------
  0x10000000  SystemCoreClock                     4      4  Init  Gb  system_stm32l4xx.o

Read-write data symbols by descending size:

  Symbol name                      Size  Align  Type  Bd  Object File
  -------------------------  ----------  -----  ----  --  -----------
  SystemCoreClock                     4      4  Init  Gb  system_stm32l4xx.o

Read-only data symbols by name:

  Symbol name                   Address        Size  Align  Type  Bd  Object File
  -------------------------  ----------  ----------  -----  ----  --  -----------
  AHBPrescTable              0x08000D58          16         Cnst  Gb  system_stm32l4xx.o
  MSIRangeTable              0x0800024C          48      4  Cnst  Gb  system_stm32l4xx.o
  __SEGGER_init_data__       0x08000DA4         [4]      4  Cnst  Lc  [ Linker created ]
  __SEGGER_init_table__      0x08000D8C        [24]      4  Cnst  Lc  [ Linker created ]

Read-only data symbols by address:

     Address  Symbol name                      Size  Align  Type  Bd  Object File
  ----------  -------------------------  ----------  -----  ----  --  -----------
  0x0800024C  MSIRangeTable                      48      4  Cnst  Gb  system_stm32l4xx.o
  0x08000D58  AHBPrescTable                      16         Cnst  Gb  system_stm32l4xx.o
  0x08000D8C  __SEGGER_init_table__            [24]      4  Cnst  Lc  [ Linker created ]
  0x08000DA4  __SEGGER_init_data__              [4]      4  Cnst  Lc  [ Linker created ]

Untyped symbols by name:

  Symbol name                     Value        Size  Align  Type  Bd  Object File
  -------------------------  ----------  ----------  -----  ----  --  -----------
  __FLASH1_segment_end__     0x08040000                     ----  Gb  [ Linker created ]
  __FLASH1_segment_size__    0x00040000                     ----  Gb  [ Linker created ]
  __FLASH1_segment_start__   0x08000000                     ----  Gb  [ Linker created ]
  __FLASH1_segment_used_end__
                             0x08000DBC                     ----  Gb  [ Linker created ]
  __FLASH1_segment_used_size__
                             0x00000DBC                     ----  Gb  [ Linker created ]
  __FLASH1_segment_used_start__
                             0x08000000                     ----  Gb  [ Linker created ]
  __FLASH_segment_end__      0x08040000                     ----  Gb  [ Linker created ]
  __FLASH_segment_size__     0x00040000                     ----  Gb  [ Linker created ]
  __FLASH_segment_start__    0x08000000                     ----  Gb  [ Linker created ]
  __FLASH_segment_used_end__
                             0x08000DBC                     ----  Gb  [ Linker created ]
  __FLASH_segment_used_size__
                             0x00000DBC                     ----  Gb  [ Linker created ]
  __FLASH_segment_used_start__
                             0x08000000                     ----  Gb  [ Linker created ]
  __HEAPSIZE__               0x00000400                     ----  Gb  [ Linker created ]
  __RAM1_segment_end__       0x10004000                     ----  Gb  [ Linker created ]
  __RAM1_segment_size__      0x00004000                     ----  Gb  [ Linker created ]
  __RAM1_segment_start__     0x10000000                     ----  Gb  [ Linker created ]
  __RAM1_segment_used_end__  0x10000004                     ----  Gb  [ Linker created ]
  __RAM1_segment_used_size__
                             0x00000004                     ----  Gb  [ Linker created ]
  __RAM1_segment_used_start__
                             0x10000000                     ----  Gb  [ Linker created ]
  __RAM2_segment_end__       0x2000C000                     ----  Gb  [ Linker created ]
  __RAM2_segment_size__      0x0000C000                     ----  Gb  [ Linker created ]
  __RAM2_segment_start__     0x20000000                     ----  Gb  [ Linker created ]
  __RAM2_segment_used_end__  0x2000C000                     ----  Gb  [ Linker created ]
  __RAM2_segment_used_size__
                             0x00000800                     ----  Gb  [ Linker created ]
  __RAM2_segment_used_start__
                             0x2000B800                     ----  Gb  [ Linker created ]
  __RAM_segment_end__        0x2000C000                     ----  Gb  [ Linker created ]
  __RAM_segment_size__       0x1000C000                     ----  Gb  [ Linker created ]
  __RAM_segment_start__      0x10000000                     ----  Gb  [ Linker created ]
  __RAM_segment_used_end__   0x2000C000                     ----  Gb  [ Linker created ]
  __RAM_segment_used_size__  0x1000C000                     ----  Gb  [ Linker created ]
  __RAM_segment_used_start__
                             0x10000000                     ----  Gb  [ Linker created ]
  __STACKSIZE_PROCESS__      0x00000000                     ----  Gb  [ Linker created ]
  __STACKSIZE__              0x00000800                     ----  Gb  [ Linker created ]
  __ctors_end__              0x08000D58                     ----  Gb  [ Linker created ]
  __ctors_start__            0x08000D54                     ----  Gb  [ Linker created ]
  __stack_end__              0x2000C000                     ----  Gb  [ Linker created ]
  __thread_pointer$          0x00000000                     ----  Gb  [ Linker created ]
  _vectors                   0x08000000       [396]    512  Code  Gb  stm32l432xx_Vectors.o
  _vectors_end               0x0800018C                512  Code  Lc  stm32l432xx_Vectors.o

Untyped symbols by address:

       Value  Symbol name                      Size  Align  Type  Bd  Object File
  ----------  -------------------------  ----------  -----  ----  --  -----------
  0x00000000  __thread_pointer$                             ----  Gb  [ Linker created ]
  0x00000000  __STACKSIZE_PROCESS__                         ----  Gb  [ Linker created ]
  0x00000004  __RAM1_segment_used_size__
                                                            ----  Gb  [ Linker created ]
  0x00000400  __HEAPSIZE__                                  ----  Gb  [ Linker created ]
  0x00000800  __STACKSIZE__                                 ----  Gb  [ Linker created ]
  0x00000800  __RAM2_segment_used_size__
                                                            ----  Gb  [ Linker created ]
  0x00000DBC  __FLASH_segment_used_size__
                                                            ----  Gb  [ Linker created ]
  0x00000DBC  __FLASH1_segment_used_size__
                                                            ----  Gb  [ Linker created ]
  0x00004000  __RAM1_segment_size__                         ----  Gb  [ Linker created ]
  0x0000C000  __RAM2_segment_size__                         ----  Gb  [ Linker created ]
  0x00040000  __FLASH_segment_size__                        ----  Gb  [ Linker created ]
  0x00040000  __FLASH1_segment_size__                       ----  Gb  [ Linker created ]
  0x08000000  _vectors                        [396]    512  Code  Gb  stm32l432xx_Vectors.o
  0x08000000  __FLASH_segment_used_start__
                                                            ----  Gb  [ Linker created ]
  0x08000000  __FLASH_segment_start__                       ----  Gb  [ Linker created ]
  0x08000000  __FLASH1_segment_used_start__
                                                            ----  Gb  [ Linker created ]
  0x08000000  __FLASH1_segment_start__                      ----  Gb  [ Linker created ]
  0x0800018C  _vectors_end                             512  Code  Lc  stm32l432xx_Vectors.o
  0x08000D54  __ctors_start__                               ----  Gb  [ Linker created ]
  0x08000D58  __ctors_end__                                 ----  Gb  [ Linker created ]
  0x08000DBC  __FLASH_segment_used_end__
                                                            ----  Gb  [ Linker created ]
  0x08000DBC  __FLASH1_segment_used_end__
                                                            ----  Gb  [ Linker created ]
  0x08040000  __FLASH_segment_end__                         ----  Gb  [ Linker created ]
  0x08040000  __FLASH1_segment_end__                        ----  Gb  [ Linker created ]
  0x10000000  __RAM_segment_used_start__
                                                            ----  Gb  [ Linker created ]
  0x10000000  __RAM_segment_start__                         ----  Gb  [ Linker created ]
  0x10000000  __RAM1_segment_used_start__
                                                            ----  Gb  [ Linker created ]
  0x10000000  __RAM1_segment_start__                        ----  Gb  [ Linker created ]
  0x10000004  __RAM1_segment_used_end__                     ----  Gb  [ Linker created ]
  0x10004000  __RAM1_segment_end__                          ----  Gb  [ Linker created ]
  0x1000C000  __RAM_segment_used_size__                     ----  Gb  [ Linker created ]
  0x1000C000  __RAM_segment_size__                          ----  Gb  [ Linker created ]
  0x20000000  __RAM2_segment_start__                        ----  Gb  [ Linker created ]
  0x2000B800  __RAM2_segment_used_start__
                                                            ----  Gb  [ Linker created ]
  0x2000C000  __stack_end__                                 ----  Gb  [ Linker created ]
  0x2000C000  __RAM_segment_used_end__                      ----  Gb  [ Linker created ]
  0x2000C000  __RAM_segment_end__                           ----  Gb  [ Linker created ]
  0x2000C000  __RAM2_segment_used_end__                     ----  Gb  [ Linker created ]
  0x2000C000  __RAM2_segment_end__                          ----  Gb  [ Linker created ]


***********************************************************************************************
***                                                                                         ***
***                                      LINK SUMMARY                                       ***
***                                                                                         ***
***********************************************************************************************

Memory breakdown:

    3 420 bytes read-only  code    + 
       92 bytes read-only  data    =   3 512 bytes read-only (total)
    2 052 bytes read-write data

Region summary:

  Name        Range                     Size                 Used               Unused       Alignment Loss
  ----------  -----------------  -----------  -------------------  -------------------  -------------------
  FLASH       08000000-0803ffff      262 144        3 516   1.34%      258 628  98.66%            0   0.00%
  RAM1        10000000-10003fff       16 384            4   0.02%       16 380  99.98%            0   0.00%
  RAM2        20000000-2000bfff       49 152        2 048   4.17%       47 104  95.83%            0   0.00%

Link complete: 0 errors, 0 warnings, 0 remarks
